#GC总结
##垃圾回收算法
###标记清除算法
分为标记和清除阶段：首先标记出所有需要回收的对象，在标记完成后统一回收所有被标记的对象   
####问题
1.效率问题；2.空间问题，标记清楚后会产生大量不连续的空间碎片
###复制算法
为了解决效率问题，复制算法出现了。它可以将内存分为大小相同的两块，每次使用其中的一块，当这一块内存使用完之后，就将还存活的对象复制到另一块去，然后再把使用的空间一次清理掉，这样就使每次的内存回收都是对内存区间的一般进行回收  
###标记整理算法
标记过程仍然与“标记清除”算法一样，但后续步骤不是直接对可回收对象回收，而是让所有存活的对象向一段移动，然后直接清理掉边界以外的内存。

##Serial串行化GC
Serial（串行）收集器是一个单线程收集器了，它的单线程的意义不仅仅意味着它只会使用一条垃圾收集线程去完成垃圾收集工作，更重要的是它在进行垃圾收集工作的时候必须暂停其他工作线程也就是STW（stop the word）,直到它收集结束。   
新生代采用复制算法，老年代采用标记-整理算法   
###执行命令
java -XX:+PrintGCDetails -Xmx1g -Xms1g -XX:+UseSerialGC GCLogAnalysis
####GC日志
正在执行...   
[GC (Allocation Failure) [DefNew: 279616K->34943K(314560K), 0.0455960 secs] 279616K->86444K(1013632K), 0.0456243 secs] [Times: user=0.03 sys=0.02, real=0.04 secs]   
[GC (Allocation Failure) [DefNew: 314559K->34943K(314560K), 0.0577477 secs] 366060K->169636K(1013632K), 0.0577729 secs] [Times: user=0.03 sys=0.03, real=0.06 secs]   
[GC (Allocation Failure) [DefNew: 314559K->34942K(314560K), 0.0436670 secs] 449252K->246813K(1013632K), 0.0436928 secs] [Times: user=0.02 sys=0.01, real=0.05 secs]   
[GC (Allocation Failure) [DefNew: 314558K->34943K(314560K), 0.0419557 secs] 526429K->327547K(1013632K), 0.0419820 secs] [Times: user=0.03 sys=0.02, real=0.04 secs]   
[GC (Allocation Failure) [DefNew: 314559K->34943K(314560K), 0.0435101 secs] 607163K->408064K(1013632K), 0.0435614 secs] [Times: user=0.02 sys=0.02, real=0.05 secs]   
[GC (Allocation Failure) [DefNew: 314559K->34943K(314560K), 0.0453345 secs] 687680K->491323K(1013632K), 0.0453931 secs] [Times: user=0.02 sys=0.02, real=0.05 secs]   
[GC (Allocation Failure) [DefNew: 314559K->34943K(314560K), 0.0457970 secs] 770939K->571904K(1013632K), 0.0458475 secs] [Times: user=0.03 sys=0.02, real=0.04 secs]
[GC (Allocation Failure) [DefNew: 314495K->34943K(314560K), 0.0381902 secs] 851455K->643170K(1013632K), 0.0382156 secs] [Times: user=0.03 sys=0.01, real=0.04 secs]   
[GC (Allocation Failure) [DefNew: 314559K->314559K(314560K), 0.0000118 secs][Tenured: 608227K->382276K(699072K), 0.0517751 secs] 922786K->382276K(1013632K), [Metaspace: 2719K->2719K(1056768K)], 0.0518550 secs] [Times: user=0.05 sys=0.00, real=0.05 secs]   
[GC (Allocation Failure) [DefNew: 279616K->34944K(314560K), 0.0092957 secs] 661892K->481678K(1013632K), 0.0093528 secs] [Times: user=0.01 sys=0.00, real=0.00 secs]   
[GC (Allocation Failure) [DefNew: 314560K->34943K(314560K), 0.0102369 secs] 761294K->558659K(1013632K), 0.0102633 secs] [Times: user=0.01 sys=0.00, real=0.01 secs]   
[GC (Allocation Failure) [DefNew: 314559K->34944K(314560K), 0.0108245 secs] 838275K->638797K(1013632K), 0.0108468 secs] [Times: user=0.01 sys=0.00, real=0.01 secs]   
[GC (Allocation Failure) [DefNew: 314560K->34940K(314560K), 0.0384801 secs] 918413K->709925K(1013632K), 0.0385386 secs] [Times: user=0.03 sys=0.02, real=0.04 secs]   
[GC (Allocation Failure) [DefNew: 314556K->314556K(314560K), 0.0000127 secs][Tenured: 674984K->400552K(699072K), 0.0372862 secs] 989541K->400552K(1013632K), [Metaspace: 2719K->2719K(1056768K)], 0.0373701 secs] [Times: user=0.04 sys=0.00, real=0.04 secs]   
###执行命令
java -XX:+PrintGCDetails -Xmx512m -Xms512m -XX:+UseSerialGC GCLogAnalysis
####GC日志
正在执行...
[GC (Allocation Failure) [DefNew: 139776K->17472K(157248K), 0.0236075 secs] 139776K->44524K(506816K), 0.0236681 secs] [Times: user=0.01 sys=0.01, real=0.02 secs]   
[GC (Allocation Failure) [DefNew: 157248K->17471K(157248K), 0.0323567 secs] 184300K->85920K(506816K), 0.0324089 secs] [Times: user=0.01 sys=0.01, real=0.03 secs]   
[GC (Allocation Failure) [DefNew: 157247K->17470K(157248K), 0.0250830 secs] 225696K->130433K(506816K), 0.0252413 secs] [Times: user=0.01 sys=0.01, real=0.03 secs]   
[GC (Allocation Failure) [DefNew: 157246K->17469K(157248K), 0.0277576 secs] 270209K->179756K(506816K), 0.0277862 secs] [Times: user=0.01 sys=0.02, real=0.02 secs]   
[GC (Allocation Failure) [DefNew: 157245K->17472K(157248K), 0.0251436 secs] 319532K->222538K(506816K), 0.0251663 secs] [Times: user=0.01 sys=0.01, real=0.02 secs]   
[GC (Allocation Failure) [DefNew: 157248K->17470K(157248K), 0.0247610 secs] 362314K->259344K(506816K), 0.0247946 secs] [Times: user=0.02 sys=0.01, real=0.03 secs]   
[GC (Allocation Failure) [DefNew: 157246K->17471K(157248K), 0.0290902 secs] 399120K->310179K(506816K), 0.0291164 secs] [Times: user=0.02 sys=0.01, real=0.03 secs]   
[GC (Allocation Failure) [DefNew: 157247K->157247K(157248K), 0.0000120 secs][Tenured: 292707K->261348K(349568K), 0.0368200 secs] 449955K->261348K(506816K), [Metaspace: 2719K->2719K(1056768K)], 0.0368673 secs] [Times: user=0.03 sys=0.00, real=0.03 secs]   
[GC (Allocation Failure) [DefNew: 139776K->17471K(157248K), 0.0067833 secs] 401124K->309253K(506816K), 0.0068112 secs] [Times: user=0.00 sys=0.00, real=0.01 secs]   
[GC (Allocation Failure) [DefNew: 157029K->17470K(157248K), 0.0243744 secs] 448811K->351629K(506816K), 0.0243998 secs] [Times: user=0.02 sys=0.01, real=0.03 secs]   
[GC (Allocation Failure) [DefNew: 157246K->157246K(157248K), 0.0000122 secs][Tenured: 334158K->303615K(349568K), 0.0306341 secs] 491405K->303615K(506816K), [Metaspace: 2719K->2719K(1056768K)], 0.0306906 secs] [Times: user=0.03 sys=0.00, real=0.03 secs]   
[GC (Allocation Failure) [DefNew: 139776K->139776K(157248K), 0.0000429 secs][Tenured: 303615K->322203K(349568K), 0.0323292 secs] 443391K->322203K(506816K), [Metaspace: 2719K->2719K(1056768K)], 0.0324057 secs] [Times: user=0.03 sys=0.01, real=0.03 secs]   
[GC (Allocation Failure) [DefNew: 139776K->139776K(157248K), 0.0000120 secs][Tenured: 322203K->311487K(349568K), 0.0319240 secs] 461979K->311487K(506816K), [Metaspace: 2719K->2719K(1056768K)], 0.0320326 secs] [Times: user=0.03 sys=0.00, real=0.04 secs]   
[GC (Allocation Failure) [DefNew: 139776K->139776K(157248K), 0.0000432 secs][Tenured: 311487K->329907K(349568K), 0.0246461 secs] 451263K->329907K(506816K), [Metaspace: 2719K->2719K(1056768K)], 0.0247547 secs] [Times: user=0.03 sys=0.00, real=0.03 secs]   
[GC (Allocation Failure) [DefNew: 139776K->139776K(157248K), 0.0000117 secs][Tenured: 329907K->333287K(349568K), 0.0268248 secs] 469683K->333287K(506816K), [Metaspace: 2719K->2719K(1056768K)], 0.0268751 secs] [Times: user=0.03 sys=0.00, real=0.03 secs]   
[GC (Allocation Failure) [DefNew: 139630K->139630K(157248K), 0.0000115 secs][Tenured: 333287K->341175K(349568K), 0.0337413 secs] 472918K->341175K(506816K), [Metaspace: 2719K->2719K(1056768K)], 0.0337840 secs] [Times: user=0.03 sys=0.00, real=0.04 secs]   
[GC (Allocation Failure) [DefNew: 139737K->139737K(157248K), 0.0000432 secs][Tenured: 341175K->337826K(349568K), 0.0418650 secs] 480913K->337826K(506816K), [Metaspace: 2719K->2719K(1056768K)], 0.0419404 secs] [Times: user=0.04 sys=0.00, real=0.04 secs]   
[GC (Allocation Failure) [DefNew: 139673K->139673K(157248K), 0.0000119 secs][Tenured: 337826K->349425K(349568K), 0.0267254 secs] 477500K->356522K(506816K), [Metaspace: 2719K->2719K(1056768K)], 0.0268420 secs] [Times: user=0.02 sys=0.00, real=0.03 secs]   
[Full GC (Allocation Failure) [Tenured: 349425K->349096K(349568K), 0.0277145 secs] 506351K->359824K(506816K), [Metaspace: 2719K->2719K(1056768K)], 0.0277514 secs] [Times: user=0.02 sys=0.00, real=0.03 secs]   
[Full GC (Allocation Failure) [Tenured: 349384K->349513K(349568K), 0.0334651 secs] 506457K->355135K(506816K), [Metaspace: 2719K->2719K(1056768K)], 0.0335005 secs] [Times: user=0.03 sys=0.00, real=0.03 secs]   
[Full GC (Allocation Failure) [Tenured: 349513K->347816K(349568K), 0.0351175 secs] 506299K->347816K(506816K), [Metaspace: 2719K->2719K(1056768K)], 0.0351565 secs] [Times: user=0.03 sys=0.01, real=0.03 secs]   
执行结束!共生成对象次数:11418
###GC日志解读
####YoungGC&FullGC
DefNew：SerialGC新生代老年代串行收集器
[GC (Allocation Failure) [DefNew: 279616K->34943K(314560K), 0.0455960 secs] 279616K->86444K(1013632K), 0.0456243 secs] [Times: user=0.03 sys=0.02, real=0.04 secs]    
GC前对Young区内存空间为279616K    
GC后对Young区内存空间为34943K   
GC时Young区堆内存回收279616K-34943K=244673K   
GC前整个堆内存空间为279616K   
GC后整个堆内存空间为86444K   
GC时堆内存回收279616K-86444K=193172K   
GC时Young区晋升Old区内存=244673K-193172K=86444K-34943K=51501K   
GC时消耗时间0.0455960 secs    
CPU使用时间0.04 secs   
[GC (Allocation Failure) [DefNew: 314559K->314559K(314560K), 0.0000118 secs][Tenured: 608227K->382276K(699072K), 0.0517751 secs] 922786K->382276K(1013632K), [Metaspace: 2719K->2719K(1056768K)], 0.0518550 secs] [Times: user=0.05 sys=0.00, real=0.05 secs]    
GC前对Young区内存空间不变为314559K   
GC前Old区内存空间为608227K   
GC后Old区内存空间为382276K   
GC前整个堆内存空间为922786K   
GC后整个堆内存空间为382276K   
GC时堆内存回收922786K-382276K=540510K     
GC前元空间区内存不变为2719K   
GC时消耗时间0.0518550 secs   
CPU使用时间0.05 secs   
####不同内存时GC   
分配1g内存时GC频率低于512m内存，但是在GC暂停时长是略大于1g内存，可以根据实际情况设置堆内存大小，增大堆内存来降低GC的频率，但是回收暂停时间会相应增加，堆内存不可设置过小，设置过小会导致项目在运行一段时间后，一些不可回收的对象一直增加会频繁触发FullGC，最后导致OOM。   
##Parallel并行GC（Java8默认GC策略）
Serial收集器的多线程版本,除了使用多线程进行垃圾收集外，其余行为和Serial收集器完全一样。   
新生代采用复制算法，老年代采用标记-整理算法
###执行命令
java -XX:+PrintGCDetails -Xmx1g -Xms1g -XX:+UseParallelGC GCLogAnalysis   
####GC日志
正在执行...   
[GC (Allocation Failure) [PSYoungGen: 262144K->43508K(305664K)] 262144K->82775K(1005056K), 0.0218872 secs] [Times: user=0.04 sys=0.09, real=0.02 secs]   
[GC (Allocation Failure) [PSYoungGen: 305652K->43519K(305664K)] 344919K->157606K(1005056K), 0.0280250 secs] [Times: user=0.04 sys=0.11, real=0.03 secs]   
[GC (Allocation Failure) [PSYoungGen: 305663K->43507K(305664K)] 419750K->229049K(1005056K), 0.0193678 secs] [Times: user=0.05 sys=0.08, real=0.02 secs]   
[GC (Allocation Failure) [PSYoungGen: 305651K->43518K(305664K)] 491193K->299075K(1005056K), 0.0219091 secs] [Times: user=0.05 sys=0.08, real=0.03 secs]   
[GC (Allocation Failure) [PSYoungGen: 305417K->43514K(305664K)] 560974K->366965K(1005056K), 0.0199782 secs] [Times: user=0.05 sys=0.05, real=0.02 secs]   
[GC (Allocation Failure) [PSYoungGen: 305658K->43518K(160256K)] 629109K->443424K(859648K), 0.0226246 secs] [Times: user=0.05 sys=0.09, real=0.02 secs]   
[GC (Allocation Failure) [PSYoungGen: 160254K->74396K(232960K)] 560160K->481302K(932352K), 0.0071580 secs] [Times: user=0.02 sys=0.00, real=0.01 secs]   
[GC (Allocation Failure) [PSYoungGen: 191132K->90079K(232960K)] 598038K->508627K(932352K), 0.0073997 secs] [Times: user=0.03 sys=0.01, real=0.00 secs]   
[GC (Allocation Failure) [PSYoungGen: 206775K->101142K(232960K)] 625324K->536252K(932352K), 0.0093307 secs] [Times: user=0.04 sys=0.01, real=0.00 secs]   
[GC (Allocation Failure) [PSYoungGen: 217878K->79465K(232960K)] 652988K->568294K(932352K), 0.0149518 secs] [Times: user=0.03 sys=0.06, real=0.02 secs]   
[GC (Allocation Failure) [PSYoungGen: 196201K->38273K(232960K)] 685030K->598593K(932352K), 0.0181106 secs] [Times: user=0.04 sys=0.08, real=0.02 secs]   
[GC (Allocation Failure) [PSYoungGen: 154957K->44865K(232960K)] 715278K->638892K(932352K), 0.0104819 secs] [Times: user=0.03 sys=0.03, real=0.01 secs]   
[GC (Allocation Failure) [PSYoungGen: 161601K->39460K(232960K)] 755628K->672870K(932352K), 0.0136669 secs] [Times: user=0.04 sys=0.05, real=0.01 secs]   
[Full GC (Ergonomics) [PSYoungGen: 39460K->0K(232960K)] [ParOldGen: 633409K->343610K(699392K)] 672870K->343610K(932352K), [Metaspace: 2719K->2719K(1056768K)], 0.0290121 secs] [Times: user=0.16 sys=0.01, real=0.03 secs]   
[GC (Allocation Failure) [PSYoungGen: 116736K->41468K(232960K)] 460346K->385078K(932352K), 0.0033847 secs] [Times: user=0.02 sys=0.00, real=0.01 secs]   
[GC (Allocation Failure) [PSYoungGen: 158204K->40521K(232960K)] 501814K->419373K(932352K), 0.0052108 secs] [Times: user=0.03 sys=0.00, real=0.00 secs]   
[GC (Allocation Failure) [PSYoungGen: 157257K->33922K(232960K)] 536109K->448792K(932352K), 0.0052837 secs] [Times: user=0.04 sys=0.00, real=0.01 secs]   
[GC (Allocation Failure) [PSYoungGen: 150658K->39908K(232960K)] 565528K->484882K(932352K), 0.0050059 secs] [Times: user=0.03 sys=0.00, real=0.00 secs]   
[GC (Allocation Failure) [PSYoungGen: 156644K->40447K(232960K)] 601618K->520502K(932352K), 0.0050893 secs] [Times: user=0.03 sys=0.00, real=0.00 secs]   
[GC (Allocation Failure) [PSYoungGen: 157183K->39367K(232960K)] 637238K->556655K(932352K), 0.0054883 secs] [Times: user=0.04 sys=0.00, real=0.01 secs]   
[GC (Allocation Failure) [PSYoungGen: 155886K->37511K(232960K)] 673174K->591452K(932352K), 0.0053916 secs] [Times: user=0.03 sys=0.00, real=0.00 secs]   
[GC (Allocation Failure) [PSYoungGen: 154181K->40038K(232960K)] 708123K->625686K(932352K), 0.0050270 secs] [Times: user=0.03 sys=0.00, real=0.01 secs]   
[GC (Allocation Failure) [PSYoungGen: 156774K->40904K(232960K)] 742422K->663361K(932352K), 0.0059216 secs] [Times: user=0.04 sys=0.01, real=0.01 secs]   
[GC (Allocation Failure) [PSYoungGen: 157441K->35937K(232960K)] 779898K->694206K(932352K), 0.0096977 secs] [Times: user=0.03 sys=0.02, real=0.01 secs]   
[Full GC (Ergonomics) [PSYoungGen: 35937K->0K(232960K)] [ParOldGen: 658269K->370262K(699392K)] 694206K->370262K(932352K), [Metaspace: 2719K->2719K(1056768K)], 0.0306284 secs] [Times: user=0.16 sys=0.00, real=0.03 secs]   
[GC (Allocation Failure) [PSYoungGen: 116736K->39792K(232960K)] 486998K->410055K(932352K), 0.0032921 secs] [Times: user=0.02 sys=0.00, real=0.01 secs]   
[GC (Allocation Failure) [PSYoungGen: 156528K->37684K(232960K)] 526791K->443241K(932352K), 0.0049141 secs] [Times: user=0.03 sys=0.00, real=0.01 secs]   
[GC (Allocation Failure) [PSYoungGen: 154420K->38394K(236544K)] 559977K->477181K(935936K), 0.0049797 secs] [Times: user=0.03 sys=0.00, real=0.00 secs]   
[GC (Allocation Failure) [PSYoungGen: 158644K->42618K(232960K)] 597431K->517094K(932352K), 0.0048722 secs] [Times: user=0.04 sys=0.00, real=0.01 secs]   
[GC (Allocation Failure) [PSYoungGen: 162659K->40901K(245760K)] 637135K->553782K(945152K), 0.0055279 secs] [Times: user=0.03 sys=0.00, real=0.01 secs]   
[GC (Allocation Failure) [PSYoungGen: 179141K->49065K(241664K)] 692022K->594991K(941056K), 0.0055770 secs] [Times: user=0.03 sys=0.00, real=0.00 secs]   
[GC (Allocation Failure) [PSYoungGen: 187305K->47402K(256000K)] 733231K->635865K(955392K), 0.0058418 secs] [Times: user=0.04 sys=0.00, real=0.00 secs]   
[GC (Allocation Failure) [PSYoungGen: 205610K->53627K(251392K)] 794073K->682646K(950784K), 0.0060468 secs] [Times: user=0.04 sys=0.00, real=0.00 secs]   
执行结束!共生成对象次数:17340
###执行命令
java -XX:+PrintGCDetails -Xmx4g -Xms4g -XX:+UseParallelGC GCLogAnalysis
####GC日志
正在执行...   
[GC (Allocation Failure) [PSYoungGen: 1048576K->174583K(1223168K)] 1048576K->233390K(4019712K), 0.0549001 secs] [Times: user=0.11 sys=0.20, real=0.05 secs]   
[GC (Allocation Failure) [PSYoungGen: 1223159K->174579K(1223168K)] 1281966K->351548K(4019712K), 0.0751046 secs] [Times: user=0.12 sys=0.25, real=0.08 secs]   
[GC (Allocation Failure) [PSYoungGen: 1223155K->174581K(1223168K)] 1400124K->472469K(4019712K), 0.0489156 secs] [Times: user=0.09 sys=0.09, real=0.05 secs]   
执行结束!共生成对象次数:11869   
###GC日志解读
####YoungGC&FullGC
PSYoungGen：Parallel新生代并行收集器
ParOldGen：Parallel老年代并行收集器
[GC (Allocation Failure) [PSYoungGen: 262144K->43508K(305664K)] 262144K->82775K(1005056K), 0.0218872 secs] [Times: user=0.04 sys=0.09, real=0.02 secs]   
GC前对Young区内存空间为262144K   
GC后对Young区内存空间为43508K   
GC时Young区堆内存回收262144K-43508K=218636K    
GC前整个堆内存空间为262144K   
GC后整个堆内存空间为82775K   
GC时堆内存回收262144K-82775K=179369K   
GC时Young区晋升Old区内存=218636K-179369K=86444K-34943K=39267K   
GC时消耗时间0.0218872 secs    
CPU使用时间0.02 secs   
[Full GC (Ergonomics) [PSYoungGen: 39460K->0K(232960K)] [ParOldGen: 633409K->343610K(699392K)] 672870K->343610K(932352K), [Metaspace: 2719K->2719K(1056768K)], 0.0290121 secs] [Times: user=0.16 sys=0.01, real=0.03 secs]   
GC前对Young区内存空间为39460K  
GC后对Young区内存空间为0K   
GC时Young区堆内存回收39460K-0=39460K   
GC前Old区内存空间为633409K   
GC后Old区内存空间为343610K   
GC前整个堆内存空间为672870K   
GC后整个堆内存空间为343610K   
GC前元空间区内存不变为2719K   
GC时堆内存回收672870K-343610K=329260K   
GC时消耗时间0.0290121 secs   
CPU使用时间0.03 secs   
##CMS并发GC
CMS收集器是一种以获取最短回收停顿时间为目标的收集器，它第一次实现了让垃圾收集器与用户线程基本上同时工作。
###优缺点
优点：   
并发收集、低停顿。   
缺点：   
1.对CPU资源敏感   
2.无法处理浮动垃圾   
3.他使用的回收算法”标记-清除“算法，会产生大量空间碎片，可以通过参数-XX：UseCMSCompactAtFullCollection可以让jvm在执行完标记清楚后再做整理   
4.执行过程的不确定性，会存在上一次垃圾回收还没执行完，然后垃圾回收又被触发的情况，特别是在并发标记和并发清理阶段会出现，一边回收，系统一边运行，也许没回收完就再次触发full gc，也就是”concurrent mode failure“，此时会进入STW，用serial old 垃圾收集器来回收   
###执行命令
java -XX:+PrintGCDetails -Xmx1g -Xms1g -XX:+UseConcMarkSweepGC GCLogAnalysis   
####GC日志
正在执行...   
[GC (Allocation Failure) [ParNew: 279616K->34942K(314560K), 0.0231757 secs] 279616K->86485K(1013632K), 0.0232193 secs] [Times: user=0.05 sys=0.10, real=0.02 secs]   
[GC (Allocation Failure) [ParNew: 314558K->34943K(314560K), 0.0253860 secs] 366101K->160734K(1013632K), 0.0254389 secs] [Times: user=0.07 sys=0.10, real=0.03 secs]   
[GC (Allocation Failure) [ParNew: 314559K->34944K(314560K), 0.0520026 secs] 440350K->243454K(1013632K), 0.0520457 secs] [Times: user=0.31 sys=0.03, real=0.05 secs]   
[GC (Allocation Failure) [ParNew: 314560K->34941K(314560K), 0.0502609 secs] 523070K->324319K(1013632K), 0.0502880 secs] [Times: user=0.32 sys=0.03, real=0.05 secs]   
[GC (Allocation Failure) [ParNew: 314557K->34944K(314560K), 0.0547399 secs] 603935K->403796K(1013632K), 0.0547659 secs] [Times: user=0.34 sys=0.03, real=0.05 secs]   
[GC (CMS Initial Mark) [1 CMS-initial-mark: 368852K(699072K)] 404543K(1013632K), 0.0002522 secs] [Times: user=0.00 sys=0.00, real=0.00 secs]   
[CMS-concurrent-mark-start]   
[CMS-concurrent-mark: 0.002/0.002 secs] [Times: user=0.00 sys=0.00, real=0.01 secs]   
[CMS-concurrent-preclean-start]   
[CMS-concurrent-preclean: 0.001/0.001 secs] [Times: user=0.00 sys=0.00, real=0.00 secs]   
[CMS-concurrent-abortable-preclean-start]   
[GC (Allocation Failure) [ParNew: 314560K->34943K(314560K), 0.0478802 secs] 683412K->486581K(1013632K), 0.0479059 secs] [Times: user=0.32 sys=0.03, real=0.05 secs]   
[GC (Allocation Failure) [ParNew: 314559K->34942K(314560K), 0.0406503 secs] 766197K->557837K(1013632K), 0.0406763 secs] [Times: user=0.28 sys=0.02, real=0.04 secs]   
[GC (Allocation Failure) [ParNew: 314558K->34943K(314560K), 0.0446611 secs] 837453K->633949K(1013632K), 0.0446952 secs] [Times: user=0.30 sys=0.03, real=0.04 secs]   
[GC (Allocation Failure) [ParNew: 314559K->34943K(314560K), 0.0470698 secs] 913565K->712273K(1013632K), 0.0470962 secs] [Times: user=0.30 sys=0.03, real=0.05 secs]   
[CMS-concurrent-abortable-preclean: 0.009/0.304 secs] [Times: user=1.33 sys=0.11, real=0.30 secs]   
[GC (CMS Final Remark) [YG occupancy: 40894 K (314560 K)][Rescan (parallel) , 0.0003495 secs][weak refs processing, 0.0000108 secs][class unloading, 0.0002695 secs][scrub symbol table, 0.0002735 secs][scrub string table, 0.0000721 secs][1 CMS-remark: 677330K(699072K)] 718225K(1013632K), 0.0010225 secs] [Times: user=0.00 sys=0.00, real=0.00 secs]   
[CMS-concurrent-sweep-start]   
[CMS-concurrent-sweep: 0.001/0.001 secs] [Times: user=0.00 sys=0.00, real=0.00 secs]   
[CMS-concurrent-reset-start]   
[CMS-concurrent-reset: 0.002/0.002 secs] [Times: user=0.00 sys=0.00, real=0.00 secs]   
[GC (Allocation Failure) [ParNew: 314559K->34943K(314560K), 0.0128179 secs] 865639K->665383K(1013632K), 0.0128446 secs] [Times: user=0.10 sys=0.00, real=0.02 secs]   
[GC (CMS Initial Mark) [1 CMS-initial-mark: 630439K(699072K)] 671021K(1013632K), 0.0002794 secs] [Times: user=0.00 sys=0.00, real=0.00 secs]   
[CMS-concurrent-mark-start]   
[CMS-concurrent-mark: 0.001/0.001 secs] [Times: user=0.00 sys=0.00, real=0.00 secs]   
[CMS-concurrent-preclean-start]   
[CMS-concurrent-preclean: 0.001/0.001 secs] [Times: user=0.00 sys=0.00, real=0.00 secs]   
[CMS-concurrent-abortable-preclean-start]   
[GC (Allocation Failure) [ParNew: 314559K->314559K(314560K), 0.0000167 secs][CMS[CMS-concurrent-abortable-preclean: 0.001/0.027 secs] [Times: user=0.03 sys=0.00, real=0.03 secs]   
 (concurrent mode failure): 630439K->353584K(699072K), 0.0501051 secs] 944999K->353584K(1013632K), [Metaspace: 2719K->2719K(1056768K)], 0.0502025 secs] [Times: user=0.05 sys=0.00, real=0.05 secs]   
[GC (Allocation Failure) [ParNew: 279616K->34942K(314560K), 0.0084606 secs] 633200K->440855K(1013632K), 0.0084897 secs] [Times: user=0.06 sys=0.00, real=0.01 secs]   
[GC (CMS Initial Mark) [1 CMS-initial-mark: 405913K(699072K)] 446698K(1013632K), 0.0001942 secs] [Times: user=0.00 sys=0.00, real=0.00 secs]   
[CMS-concurrent-mark-start]   
[CMS-concurrent-mark: 0.001/0.001 secs] [Times: user=0.01 sys=0.00, real=0.00 secs]   
[CMS-concurrent-preclean-start]   
[CMS-concurrent-preclean: 0.001/0.001 secs] [Times: user=0.00 sys=0.00, real=0.00 secs]   
[CMS-concurrent-abortable-preclean-start]   
[GC (Allocation Failure) [ParNew: 314317K->34943K(314560K), 0.0095064 secs] 720230K->514152K(1013632K), 0.0095736 secs] [Times: user=0.07 sys=0.00, real=0.01 secs]   
执行结束!共生成对象次数:14211
###执行命令
java -XX:+PrintGCDetails -Xmx4g -Xms4g -XX:+UseConcMarkSweepGC GCLogAnalysis
####GC日志
正在执行...   
[GC (Allocation Failure) [ParNew: 545344K->68096K(613440K), 0.0420984 secs] 545344K->134171K(4126208K), 0.0421375 secs] [Times: user=0.10 sys=0.12, real=0.04 secs]   
[GC (Allocation Failure) [ParNew: 613440K->68096K(613440K), 0.0507342 secs] 679515K->254123K(4126208K), 0.0507633 secs] [Times: user=0.13 sys=0.16, real=0.05 secs]   
[GC (Allocation Failure) [ParNew: 613440K->68096K(613440K), 0.0762586 secs] 799467K->379470K(4126208K), 0.0763235 secs] [Times: user=0.42 sys=0.03, real=0.07 secs]   
[GC (Allocation Failure) [ParNew: 613440K->68094K(613440K), 0.0674067 secs] 924814K->501479K(4126208K), 0.0674356 secs] [Times: user=0.40 sys=0.04, real=0.06 secs]   
[GC (Allocation Failure) [ParNew: 613438K->68095K(613440K), 0.0734830 secs] 1046823K->622187K(4126208K), 0.0735102 secs] [Times: user=0.40 sys=0.04, real=0.07 secs]   
[GC (Allocation Failure) [ParNew: 613439K->68095K(613440K), 0.0679079 secs] 1167531K->748601K(4126208K), 0.0679370 secs] [Times: user=0.42 sys=0.03, real=0.07 secs]   
[GC (Allocation Failure) [ParNew: 613439K->68095K(613440K), 0.0804590 secs] 1293945K->873978K(4126208K), 0.0804860 secs] [Times: user=0.41 sys=0.05, real=0.08 secs]   
执行结束!共生成对象次数:14520   
###GC日志解读
####YoungGC&CMSGC
ParNew：CMS新生代并行收集器   
CMS：CMS老年代并行收集器   
YoungGC的日志和Serial、Parallel日志类似只是回收器不同为ParNew
CMSGC：
CMS Initial Mark：初始标记阶段（STW），并记录下GCRoot根直接能引用的对象，速度很快，耗时0.0001431secs。
CMS-concurrent-mark-start：并发标记阶段
CMS-concurrent-preclean-start：并发预清理
CMS Final Remark：最终标记阶段（STW）
CMS-concurrent-sweep：并发清理阶段
CMS-concurrent-reset：并发重置阶段

##G1GC
G1是一款面向服务器的垃圾收集器，主要针对配备多颗处理器及大容量内存的机器。以极高概率满足GC停顿时间要求的同时，还具备高吞吐量性能特征   
G1将Java堆划分为多个大小相等的区里区域，JVM最多可以有2048个Region。一般Region大小等于堆大小除以2048。   
G1保留了年轻代和老年代的概念，但是不再是物理隔阂了，他们都是Region集合。   
默认年轻代占比5%，新生代占比最多不能超过60%。   
Region可能之前是年轻代，如果Region进行垃圾回收之后可能会变成老年代的，也就是说Region的区域功能可能会动态变化。   
G1垃圾收集器对于对象什么会转移到老年代和其他垃圾收集器一样，唯一不同的是对大对象的处理，G1有专门分配大对象的Region叫Humongous区，而不是直接进入老年代Region中。   
大对象的判定：一个对象超过Region的50%，而且一个大对象如果太大，可能会恒快多个Region来存放，Humongous区专门存放短期举行对象，不用直接进老年代，可以节约老年代的空间，避免因为老年代空间不够的GC开销   
Full GC的时候除了收集年轻代和老年代之外，也会将Humongous区一并回收
###执行命令
java -XX:+PrintGC -Xmx512m -Xms512m -XX:+UseG1GC GCLogAnalysis   
####GC日志  
正在执行...   
[GC pause (G1 Evacuation Pause) (young) 33M->11M(512M), 0.0047071 secs]   
[GC pause (G1 Evacuation Pause) (young) 47M->23M(512M), 0.0049974 secs]   
[GC pause (G1 Evacuation Pause) (young) 81M->42M(512M), 0.0052532 secs]   
[GC pause (G1 Evacuation Pause) (young) 111M->65M(512M), 0.0070361 secs]   
[GC pause (G1 Evacuation Pause) (young) 145M->90M(512M), 0.0071255 secs]   
[GC pause (G1 Evacuation Pause) (young) 204M->126M(512M), 0.0139256 secs]   
[GC pause (G1 Evacuation Pause) (young) 378M->187M(512M), 0.0216206 secs]   
[GC pause (G1 Humongous Allocation) (young) (initial-mark) 333M->231M(512M), 0.0100075 secs]   
[GC concurrent-root-region-scan-start]   
[GC concurrent-root-region-scan-end, 0.0001250 secs]   
[GC concurrent-mark-start]   
[GC concurrent-mark-end, 0.0018098 secs]   
[GC remark, 0.0010800 secs]   
[GC cleanup 246M->244M(512M), 0.0006773 secs]   
[GC concurrent-cleanup-start]   
[GC concurrent-cleanup-end, 0.0000351 secs]   
[GC pause (G1 Evacuation Pause) (young)-- 405M->304M(512M), 0.0065436 secs]   
[GC pause (G1 Evacuation Pause) (mixed) 309M->288M(512M), 0.0051602 secs]   
[GC pause (G1 Humongous Allocation) (young) (initial-mark) 289M->289M(512M), 0.0014807 secs]   
[GC concurrent-root-region-scan-start]   
[GC concurrent-root-region-scan-end, 0.0001117 secs]   
[GC concurrent-mark-start]   
[GC concurrent-mark-end, 0.0009047 secs]   
[GC remark, 0.0009900 secs]   
[GC cleanup 298M->297M(512M), 0.0007784 secs]   
[GC concurrent-cleanup-start]   
[GC concurrent-cleanup-end, 0.0000043 secs]   
[GC pause (G1 Evacuation Pause) (young) 405M->321M(512M), 0.0029472 secs]   
[GC pause (G1 Evacuation Pause) (mixed) 339M->292M(512M), 0.0041325 secs]   
[GC pause (G1 Evacuation Pause) (mixed) 322M->294M(512M), 0.0031126 secs]   
[GC pause (G1 Humongous Allocation) (young) (initial-mark) 296M->294M(512M), 0.0012540 secs]   
[GC concurrent-root-region-scan-start]   
[GC concurrent-root-region-scan-end, 0.0001173 secs]   
[GC concurrent-mark-start]   
[GC concurrent-mark-end, 0.0007151 secs]   
[GC remark, 0.0008975 secs]   
[GC cleanup 304M->303M(512M), 0.0003175 secs]   
[GC concurrent-cleanup-start]   
[GC concurrent-cleanup-end, 0.0000040 secs]   
[GC pause (G1 Evacuation Pause) (young) 404M->333M(512M), 0.0026304 secs]   
[GC pause (G1 Evacuation Pause) (mixed) 349M->315M(512M), 0.0039061 secs]   
[GC pause (G1 Humongous Allocation) (young) (initial-mark) 317M->315M(512M), 0.0011691 secs]   
[GC concurrent-root-region-scan-start]   
[GC concurrent-root-region-scan-end, 0.0001050 secs]   
[GC concurrent-mark-start]   
[GC concurrent-mark-end, 0.0008025 secs]   
[GC remark, 0.0009238 secs]   
[GC cleanup 324M->323M(512M), 0.0005686 secs]   
[GC concurrent-cleanup-start]   
[GC concurrent-cleanup-end, 0.0000079 secs]   
[GC pause (G1 Evacuation Pause) (young) 407M->345M(512M), 0.0024117 secs]   
[GC pause (G1 Evacuation Pause) (mixed) 366M->324M(512M), 0.0063635 secs]   
[GC pause (G1 Evacuation Pause) (mixed) 353M->332M(512M), 0.0024111 secs]   
[GC pause (G1 Humongous Allocation) (young) (initial-mark) 332M->331M(512M), 0.0009951 secs]   
[GC concurrent-root-region-scan-start]   
[GC concurrent-root-region-scan-end, 0.0001237 secs]   
[GC concurrent-mark-start]   
[GC concurrent-mark-end, 0.0008502 secs]   
[GC remark, 0.0010665 secs]   
[GC cleanup 340M->340M(512M), 0.0005967 secs]   
[GC pause (G1 Evacuation Pause) (young) 407M->350M(512M), 0.0021023 secs]   
[GC pause (G1 Evacuation Pause) (mixed) 371M->333M(512M), 0.0035962 secs]   
[GC pause (G1 Humongous Allocation) (young) (initial-mark) 333M->333M(512M), 0.0016478 secs]   
[GC concurrent-root-region-scan-start]   
[GC concurrent-root-region-scan-end, 0.0000946 secs]   
[GC concurrent-mark-start]   
[GC concurrent-mark-end, 0.0009260 secs]   
[GC remark, 0.0021110 secs]   
[GC cleanup 343M->343M(512M), 0.0005335 secs]   
[GC pause (G1 Evacuation Pause) (young) 412M->357M(512M), 0.0026347 secs]   
[GC pause (G1 Evacuation Pause) (mixed) 376M->344M(512M), 0.0036926 secs]   
[GC pause (G1 Humongous Allocation) (young) (initial-mark) 347M->345M(512M), 0.0009375 secs]   
[GC concurrent-root-region-scan-start]   
[GC concurrent-root-region-scan-end, 0.0000770 secs]   
[GC concurrent-mark-start]   
[GC concurrent-mark-end, 0.0009598 secs]   
[GC remark, 0.0009896 secs]   
[GC cleanup 355M->355M(512M), 0.0004801 secs]   
[GC pause (G1 Evacuation Pause) (young) 399M->359M(512M), 0.0032492 secs]   
[GC pause (G1 Evacuation Pause) (mixed) 382M->347M(512M), 0.0031631 secs]   
[GC pause (G1 Humongous Allocation) (young) (initial-mark) 347M->347M(512M), 0.0016486 secs]   
[GC concurrent-root-region-scan-start]   
[GC concurrent-root-region-scan-end, 0.0000552 secs]   
[GC concurrent-mark-start]   
[GC concurrent-mark-end, 0.0007540 secs]   
[GC remark, 0.0009701 secs]   
[GC cleanup 353M->352M(512M), 0.0004539 secs]   
[GC concurrent-cleanup-start]   
[GC concurrent-cleanup-end, 0.0000073 secs]   
[GC pause (G1 Evacuation Pause) (young) 399M->357M(512M), 0.0030780 secs]   
[GC pause (G1 Evacuation Pause) (mixed) 377M->349M(512M), 0.0038555 secs]   
[GC pause (G1 Humongous Allocation) (young) (initial-mark) 351M->349M(512M), 0.0015894 secs]   
[GC concurrent-root-region-scan-start]   
[GC concurrent-root-region-scan-end, 0.0000626 secs]   
[GC concurrent-mark-start]   
[GC concurrent-mark-end, 0.0008797 secs]   
[GC remark, 0.0011982 secs]   
[GC cleanup 360M->360M(512M), 0.0005493 secs]   
[GC pause (G1 Evacuation Pause) (young) 403M->364M(512M), 0.0029670 secs]   
[GC pause (G1 Evacuation Pause) (mixed) 387M->354M(512M), 0.0042244 secs]   
[GC pause (G1 Humongous Allocation) (young) (initial-mark) 358M->355M(512M), 0.0123499 secs]   
[GC concurrent-root-region-scan-start]   
[GC concurrent-root-region-scan-end, 0.0001764 secs]   
[GC concurrent-mark-start]   
[GC concurrent-mark-end, 0.0016095 secs]   
[GC remark, 0.0020486 secs]   
[GC cleanup 362M->362M(512M), 0.0006240 secs]   
[GC pause (G1 Evacuation Pause) (young) 400M->366M(512M), 0.0021473 secs]   
[GC pause (G1 Evacuation Pause) (mixed) 391M->362M(512M), 0.0047690 secs]   
[GC pause (G1 Humongous Allocation) (young) (initial-mark) 368M->361M(512M), 0.0025095 secs]   
[GC concurrent-root-region-scan-start]   
[GC concurrent-root-region-scan-end, 0.0000799 secs]   
[GC concurrent-mark-start]   
[GC concurrent-mark-end, 0.0007741 secs]   
[GC remark, 0.0009609 secs]   
[GC cleanup 373M->373M(512M), 0.0003578 secs]   
[GC pause (G1 Evacuation Pause) (young) 402M->372M(512M), 0.0032312 secs]   
[GC pause (G1 Evacuation Pause) (mixed) 394M->360M(512M), 0.0050684 secs]   
[GC pause (G1 Humongous Allocation) (young) (initial-mark) 362M->360M(512M), 0.0024812 secs]   
[GC concurrent-root-region-scan-start]   
[GC concurrent-root-region-scan-end, 0.0000791 secs]   
[GC concurrent-mark-start]   
[GC concurrent-mark-end, 0.0011314 secs]   
[GC remark, 0.0018293 secs]   
[GC cleanup 369M->369M(512M), 0.0007937 secs]   
[GC pause (G1 Evacuation Pause) (young) 400M->368M(512M), 0.0026029 secs]   
[GC pause (G1 Evacuation Pause) (mixed) 394M->362M(512M), 0.0046344 secs]   
[GC pause (G1 Humongous Allocation) (young) (initial-mark) 363M->362M(512M), 0.0039532 secs]   
[GC concurrent-root-region-scan-start]   
[GC concurrent-root-region-scan-end, 0.0000987 secs]   
[GC concurrent-mark-start]   
[GC concurrent-mark-end, 0.0009344 secs]   
[GC remark, 0.0017000 secs]   
[GC cleanup 371M->371M(512M), 0.0007066 secs]   
[GC pause (G1 Evacuation Pause) (young) 408M->380M(512M), 0.0034207 secs]   
[GC pause (G1 Evacuation Pause) (mixed) 405M->371M(512M), 0.0047642 secs]   
[GC pause (G1 Humongous Allocation) (young) (initial-mark) 372M->371M(512M), 0.0029336 secs]   
[GC concurrent-root-region-scan-start]   
[GC concurrent-root-region-scan-end, 0.0002214 secs]   
[GC concurrent-mark-start]   
[GC concurrent-mark-end, 0.0015718 secs]   
[GC remark, 0.0019029 secs]   
[GC cleanup 377M->377M(512M), 0.0006666 secs]   
[GC pause (G1 Evacuation Pause) (young) 401M->377M(512M), 0.0026530 secs]   
[GC pause (G1 Evacuation Pause) (mixed) 401M->365M(512M), 0.0045903 secs]   
[GC pause (G1 Humongous Allocation) (young) (initial-mark) 368M->366M(512M), 0.0017122 secs]   
[GC concurrent-root-region-scan-start]   
[GC concurrent-root-region-scan-end, 0.0000455 secs]   
[GC concurrent-mark-start]   
[GC concurrent-mark-end, 0.0008412 secs]   
[GC remark, 0.0014823 secs]   
[GC cleanup 376M->376M(512M), 0.0009817 secs]   
[GC pause (G1 Evacuation Pause) (young) 402M->376M(512M), 0.0025039 secs]   
[GC pause (G1 Evacuation Pause) (mixed) 404M->373M(512M), 0.0059372 secs]   
[GC pause (G1 Humongous Allocation) (young) (initial-mark) 376M->373M(512M), 0.0023237 secs]   
[GC concurrent-root-region-scan-start]   
[GC concurrent-root-region-scan-end, 0.0001231 secs]   
[GC concurrent-mark-start]   
[GC concurrent-mark-end, 0.0010919 secs]   
[GC remark, 0.0022608 secs]   
[GC cleanup 382M->382M(512M), 0.0005711 secs]   
[GC pause (G1 Evacuation Pause) (young) 401M->380M(512M), 0.0042124 secs]   
[GC pause (G1 Evacuation Pause) (mixed) 406M->371M(512M), 0.0055717 secs]   
[GC pause (G1 Humongous Allocation) (young) (initial-mark) 371M->371M(512M), 0.0017860 secs]   
[GC concurrent-root-region-scan-start]   
[GC concurrent-root-region-scan-end, 0.0000064 secs]   
[GC concurrent-mark-start]   
[GC concurrent-mark-end, 0.0010781 secs]   
[GC remark, 0.0020933 secs]   
[GC cleanup 379M->379M(512M), 0.0005584 secs]   
[GC pause (G1 Evacuation Pause) (young) 400M->377M(512M), 0.0014742 secs]   
[GC pause (G1 Evacuation Pause) (mixed) 406M->376M(512M), 0.0051858 secs]   
[GC pause (G1 Humongous Allocation) (young) (initial-mark) 377M->376M(512M), 0.0012798 secs]   
[GC concurrent-root-region-scan-start]   
[GC concurrent-root-region-scan-end, 0.0001151 secs]   
[GC concurrent-mark-start]   
[GC concurrent-mark-end, 0.0008735 secs]   
[GC remark, 0.0011794 secs]   
[GC cleanup 383M->383M(512M), 0.0004683 secs]   
[GC pause (G1 Evacuation Pause) (young) 407M->385M(512M), 0.0031130 secs]   
[GC pause (G1 Evacuation Pause) (mixed) 411M->380M(512M), 0.0048433 secs]   
[GC pause (G1 Humongous Allocation) (young) (initial-mark) 381M->380M(512M), 0.0024876 secs]   
[GC concurrent-root-region-scan-start]   
[GC concurrent-root-region-scan-end, 0.0000391 secs]   
[GC concurrent-mark-start]   
[GC concurrent-mark-end, 0.0011358 secs]   
[GC remark, 0.0012727 secs]   
[GC cleanup 388M->388M(512M), 0.0008845 secs]   
[GC pause (G1 Evacuation Pause) (young) 411M->388M(512M), 0.0015919 secs]   
[GC pause (G1 Evacuation Pause) (mixed) 414M->382M(512M), 0.0034265 secs]   
[GC pause (G1 Humongous Allocation) (young) (initial-mark) 386M->384M(512M), 0.0021259 secs]   
[GC concurrent-root-region-scan-start]   
[GC concurrent-root-region-scan-end, 0.0000912 secs]   
[GC concurrent-mark-start]   
[GC concurrent-mark-end, 0.0012893 secs]   
[GC remark, 0.0016731 secs]   
[GC cleanup 394M->394M(512M), 0.0005135 secs]   
[GC pause (G1 Evacuation Pause) (young) 416M->396M(512M), 0.0020325 secs]   
[GC pause (G1 Evacuation Pause) (mixed)-- 422M->409M(512M), 0.0028687 secs]   
[GC pause (G1 Humongous Allocation) (young) (initial-mark) 411M->410M(512M), 0.0013118 secs]   
[GC concurrent-root-region-scan-start]   
[GC concurrent-root-region-scan-end, 0.0000597 secs]   
[GC concurrent-mark-start]   
[GC concurrent-mark-end, 0.0007424 secs]   
[GC remark, 0.0010568 secs]   
[GC cleanup 422M->422M(512M), 0.0003880 secs]   
[GC pause (G1 Evacuation Pause) (young)-- 440M->424M(512M), 0.0023354 secs]   
[GC pause (G1 Evacuation Pause) (mixed)-- 447M->441M(512M), 0.0014486 secs]   
[GC pause (G1 Evacuation Pause) (mixed)-- 448M->447M(512M), 0.0007535 secs]   
[GC pause (G1 Evacuation Pause) (young)-- 448M->448M(512M), 0.0005355 secs]   
[Full GC (Allocation Failure)  448M->341M(512M), 0.0318191 secs]   
[GC pause (G1 Humongous Allocation) (young) (initial-mark) 346M->342M(512M), 0.0011143 secs]   
[GC concurrent-root-region-scan-start]   
[GC concurrent-root-region-scan-end, 0.0000850 secs]   
[GC concurrent-mark-start]   
[GC concurrent-mark-end, 0.0008995 secs]   
[GC remark, 0.0014756 secs]   
[GC cleanup 349M->349M(512M), 0.0005395 secs]   
[GC pause (G1 Evacuation Pause) (young) 370M->350M(512M), 0.0032580 secs]   
[GC pause (G1 Humongous Allocation) (young) (initial-mark) 355M->350M(512M), 0.0023089 secs]   
[GC concurrent-root-region-scan-start]   
[GC concurrent-root-region-scan-end, 0.0002029 secs]   
[GC concurrent-mark-start]   
[GC concurrent-mark-end, 0.0017163 secs]   
[GC remark, 0.0015725 secs]   
[GC cleanup 357M->357M(512M), 0.0005053 secs]   
[GC pause (G1 Evacuation Pause) (young) 381M->360M(512M), 0.0015514 secs]   
[GC pause (G1 Evacuation Pause) (mixed) 386M->363M(512M), 0.0023139 secs]   
[GC pause (G1 Humongous Allocation) (young) (initial-mark) 366M->364M(512M), 0.0015752 secs]   
[GC concurrent-root-region-scan-start]   
[GC concurrent-root-region-scan-end, 0.0000290 secs]   
[GC concurrent-mark-start]   
[GC concurrent-mark-end, 0.0009935 secs]   
[GC remark, 0.0016584 secs]   
[GC cleanup 375M->375M(512M), 0.0005029 secs]   
[GC pause (G1 Evacuation Pause) (young) 396M->372M(512M), 0.0023335 secs]   
[GC pause (G1 Evacuation Pause) (mixed)-- 397M->389M(512M), 0.0038387 secs]   
[GC pause (G1 Humongous Allocation) (young) (initial-mark) 390M->389M(512M), 0.0021214 secs]   
[GC concurrent-root-region-scan-start]   
[GC concurrent-root-region-scan-end, 0.0000976 secs]   
[GC concurrent-mark-start]   
[GC concurrent-mark-end, 0.0009973 secs]   
[GC remark, 0.0024670 secs]   
[GC cleanup 401M->401M(512M), 0.0007674 secs]   
[GC pause (G1 Evacuation Pause) (young)-- 416M->407M(512M), 0.0011727 secs]   
[GC pause (G1 Evacuation Pause) (mixed)-- 419M->417M(512M), 0.0010432 secs]   
[GC pause (G1 Evacuation Pause) (mixed)-- 420M->419M(512M), 0.0010100 secs]   
[GC pause (G1 Evacuation Pause) (young)-- 420M->420M(512M), 0.0005324 secs]   
[Full GC (Allocation Failure)  420M->341M(512M), 0.0306394 secs]   
[GC pause (G1 Humongous Allocation) (young) (initial-mark) 342M->342M(512M), 0.0020728 secs]   
[GC concurrent-root-region-scan-start]   
[GC concurrent-root-region-scan-end, 0.0000690 secs]   
[GC concurrent-mark-start]   
[GC concurrent-mark-end, 0.0008087 secs]   
[GC remark, 0.0011977 secs]   
[GC cleanup 351M->351M(512M), 0.0005252 secs]   
[GC pause (G1 Evacuation Pause) (young) 372M->349M(512M), 0.0015666 secs]   
[GC pause (G1 Humongous Allocation) (young) (initial-mark) 350M->349M(512M), 0.0011273 secs]   
[GC concurrent-root-region-scan-start]   
[GC concurrent-root-region-scan-end, 0.0000694 secs]   
[GC concurrent-mark-start]   
[GC concurrent-mark-end, 0.0009963 secs]   
[GC remark, 0.0011434 secs]   
[GC cleanup 359M->359M(512M), 0.0003603 secs]   
[GC pause (G1 Evacuation Pause) (young) 379M->356M(512M), 0.0017403 secs]   
[GC pause (G1 Humongous Allocation) (young) (initial-mark) 357M->356M(512M), 0.0012844 secs]   
[GC concurrent-root-region-scan-start]   
[GC concurrent-root-region-scan-end, 0.0000341 secs]   
[GC concurrent-mark-start]   
[GC concurrent-mark-end, 0.0008839 secs]   
[GC remark, 0.0010551 secs]   
[GC cleanup 364M->364M(512M), 0.0003415 secs]   
[GC pause (G1 Evacuation Pause) (young) 387M->360M(512M), 0.0037473 secs]   
[GC pause (G1 Evacuation Pause) (mixed) 388M->369M(512M), 0.0025394 secs]   
[GC pause (G1 Humongous Allocation) (young) (initial-mark) 371M->369M(512M), 0.0010158 secs]   
[GC concurrent-root-region-scan-start]   
[GC concurrent-root-region-scan-end, 0.0000979 secs]   
[GC concurrent-mark-start]   
[GC concurrent-mark-end, 0.0008625 secs]   
[GC remark, 0.0010480 secs]   
[GC cleanup 379M->379M(512M), 0.0003956 secs]   
[GC pause (G1 Evacuation Pause) (young) 403M->378M(512M), 0.0023030 secs]   
[GC pause (G1 Evacuation Pause) (mixed)-- 405M->402M(512M), 0.0016086 secs]   
[GC pause (G1 Humongous Allocation) (young) (initial-mark) 403M->402M(512M), 0.0007777 secs]   
[GC concurrent-root-region-scan-start]   
[GC concurrent-root-region-scan-end, 0.0000384 secs]   
[GC concurrent-mark-start]   
[GC concurrent-mark-end, 0.0007326 secs]   
[GC remark, 0.0010399 secs]   
[GC cleanup 414M->414M(512M), 0.0003557 secs]   
[GC pause (G1 Evacuation Pause) (young)-- 417M->414M(512M), 0.0008660 secs]   
[GC pause (G1 Evacuation Pause) (mixed)-- 419M->419M(512M), 0.0008837 secs]   
[Full GC (Allocation Failure)  419M->349M(512M), 0.0331747 secs]   
执行结束!共生成对象次数:10980  
###GC日志解读
[GC pause (G1 Humongous Allocation) (young) (initial-mark) 610M->416M(1024M), 0.0160518 secs]：初始标记阶段，速度很快   
[GC concurrent-root-region-scan-start]：并发扫描开始   
[GC concurrent-root-region-scan-end, 0.0001492 secs]：并发扫描结束   
[GC concurrent-mark-start]：并发标记开始   
[GC concurrent-mark-end, 0.0025606 secs]：并发标记结束   
[GC remark, 0.0017391 secs]：再次标记   
[GC cleanup 439M->428M(1024M), 0.0009243 secs]：清理   
[GC concurrent-cleanup-start] ：并发清理开始  
[GC concurrent-cleanup-end, 0.0000091 secs]：并发清理结束 
[Full GC (Allocation Failure)  419M->349M(512M), 0.0331747 secs]：FullGC

